Microchip MPLAB XC8 Compiler V2.35

Linker command line:

-W-3 --edf=C:\Program Files\Microchip\xc8\v2.35\pic\dat\en_msgs.txt -cn \
  -h+dist/default/production\Lab_10.X.production.sym \
  --cmf=dist/default/production\Lab_10.X.production.cmf -z -Q16F887 \
  -oC:\Users\javyp\AppData\Local\Temp\xcAsefo.4 --defsym=__MPLAB_BUILD=1 \
  -Mdist/default/production/Lab_10.X.production.map \
  --md=C:\Users\javyp\AppData\Local\Temp\xcAsefo.dat -E1 -ver=XC8 Compiler \
  --acfsm=1493 -ACODE=00h-07FFhx4 -ASTRCODE=00h-01FFFh -ASTRING=00h-0FFhx32 \
  -ACONST=00h-0FFhx32 -AENTRY=00h-0FFhx32 -ACOMMON=070h-07Fh \
  -ABANK0=020h-06Fh -ABANK1=0A0h-0EFh -ABANK2=0110h-016Fh \
  -ABANK3=0190h-01EFh -ARAM=020h-06Fh,0A0h-0EFh,0110h-016Fh,0190h-01EFh \
  -AABS1=020h-07Fh,0A0h-0EFh,0110h-016Fh,0190h-01EFh -ASFR0=00h-01Fh \
  -ASFR1=080h-09Fh -ASFR2=0100h-010Fh -ASFR3=0180h-018Fh \
  -ACONFIG=02007h-02008h -DCONFIG=2 -AIDLOC=02000h-02003h -DIDLOC=2 \
  -AEEDATA=00h-0FFh/02100h -peeprom_data=EEDATA -DEEDATA=2 -DCODE=2 \
  -DSTRCODE=2 -DSTRING=2 -DCONST=2 -DENTRY=2 \
  -preset_vec=00h,intentry=04h,init,end_init -ppowerup=CODE -pcinit=CODE \
  -pfunctab=ENTRY -k C:\Users\javyp\AppData\Local\Temp\xcAsefo.o \
  dist/default/production\Lab_10.X.production.o 

Object code version is 3.11

Machine type is 16F887



                Name                               Link     Load   Length Selector   Space Scale
C:\Users\javyp\AppData\Local\Temp\xcAsefo.o
                end_init                             12       12        3        8       0
                reset_vec                             0        0        3        0       0
                config                             2007     2007        2        0       4
                idloc                              2000     2000        4        0       5
dist/default/production\Lab_10.X.production.o
                cinit                                15       15       28        8       0
                intentry                              4        4        E        8       0
                config                             2007     2007        2        0       4
                idloc                              2000     2000        4        0       5
                text11                              33E      33E       69      598       0
                text10                              60D      60D       25      598       0
                text9                               4EB      4EB       44      598       0
                text8                               52F      52F       3A      598       0
                text7                               2CC      2CC       72      598       0
                text6                               5E7      5E7       26      598       0
                text5                               594      594       2B      598       0
                text4                                3D       3D      129        8       0
                text3                               5BF      5BF       28      598       0
                text2                               569      569       2B      598       0
                text1                               406      406       50      598       0
                maintext                            4A5      4A5       46      598       0
                cstackBANK0                          20       20       14       20       1
                cstackCOMMON                         70       70        E       70       1
                inittext                            632      632       13      598       0
                dataBANK3                           190      190       5F      190       1
                dataBANK1                            A0       A0       4F       A0       1
                bssBANK0                             34       34        8       20       1
                strings                             200      200       CC      400       0
                idataBANK3                          3A7      3A7       5F      598       0
                idataBANK1                          456      456       4F      598       0

TOTAL           Name                               Link     Load   Length     Space
        CLASS   CODE           
                end_init                             12       12        3         0
                cinit                                15       15       28         0
                intentry                              4        4        E         0
                reset_vec                             0        0        3         0
                text11                              33E      33E       69         0
                text10                              60D      60D       25         0
                text9                               4EB      4EB       44         0
                text8                               52F      52F       3A         0
                text7                               2CC      2CC       72         0
                text6                               5E7      5E7       26         0
                text5                               594      594       2B         0
                text4                                3D       3D      129         0
                text3                               5BF      5BF       28         0
                text2                               569      569       2B         0
                text1                               406      406       50         0
                maintext                            4A5      4A5       46         0
                inittext                            632      632       13         0
                idataBANK3                          3A7      3A7       5F         0
                idataBANK1                          456      456       4F         0

        CLASS   STRCODE        

        CLASS   STRING         
                strings                             200      200       CC         0

        CLASS   CONST          

        CLASS   ENTRY          

        CLASS   COMMON         
                cstackCOMMON                         70       70        E         1

        CLASS   BANK0          
                cstackBANK0                          20       20       14         1
                bssBANK0                             34       34        8         1

        CLASS   BANK1          
                dataBANK1                            A0       A0       4F         1

        CLASS   BANK2          

        CLASS   BANK3          
                dataBANK3                           190      190       5F         1

        CLASS   RAM            

        CLASS   ABS1           
                abs_s1                               7E       7E        2         1

        CLASS   SFR0           

        CLASS   SFR1           

        CLASS   SFR2           

        CLASS   SFR3           

        CLASS   CONFIG         
                config                             2007     2007        2         4

        CLASS   IDLOC          
                idloc                              2000     2000        4         5

        CLASS   EEDATA         

        CLASS   STACK          



SEGMENTS        Name                           Load    Length   Top    Selector   Space  Class     Delta

                reset_vec                      000000  000003  000003         0       0  CODE        2
                intentry                       000004  000162  000166         8       0  CODE        2
                cstackBANK0                    000020  00001C  00003C        20       1  BANK0       1
                cstackCOMMON                   000070  00000E  00007E        70       1  COMMON      1
                dataBANK1                      0000A0  00004F  0000EF        A0       1  BANK1       1
                dataBANK3                      000190  00005F  0001EF       190       1  BANK3       1
                strings                        000200  0000CC  0002CC       400       0  STRING      2
                text7                          0002CC  000379  000645       598       0  CODE        2


UNUSED ADDRESS RANGES

        Name                Unused          Largest block    Delta
        BANK0            003C-006F             34           1
        BANK1            00EF-00EF              1           1
        BANK2            0110-016F             60           1
        BANK3            01EF-01EF              1           1
        CODE             0003-0003              1           2
                         0166-01FF             9A
                         0645-1FFF            800
        CONST            0003-0003              1           2
                         0166-01FF             9A
                         0645-1FFF            100
        EEDATA           2100-21FF            100           2
        ENTRY            0003-0003              1           2
                         0166-01FF             9A
                         0645-1FFF            100
        RAM              003C-006F             34           1
                         00EF-00EF              1
                         0110-016F             60
                         01EF-01EF              1
        SFR0             0000-001F             20           1
        SFR1             0080-009F             20           1
        SFR2             0100-010F             10           1
        SFR3             0180-018F             10           1
        STRCODE          0003-0003              1           2
                         0166-01FF             9A
                         0645-1FFF           19BB
        STRING           0003-0003              1           2
                         0166-01FF             9A
                         0645-1FFF            100

                                  Symbol Table

?___awdiv                cstackCOMMON 0076
?___lwdiv                cstackCOMMON 0070
?___lwmod                cstackCOMMON 0070
?___wmul                 cstackCOMMON 0070
_ADCON0bits              (abs)        001F
_ADCON1bits              (abs)        009F
_ADRESH                  (abs)        001E
_ANSEL                   (abs)        0188
_ANSELH                  (abs)        0189
_BAUDCTLbits             (abs)        0187
_INTCONbits              (abs)        000B
_OSCCONbits              (abs)        008F
_PIE1bits                (abs)        008C
_PIR1bits                (abs)        000C
_PORTA                   (abs)        0005
_PORTD                   (abs)        0008
_RCREG                   (abs)        001A
_RCSTAbits               (abs)        0018
_SPBRG                   (abs)        0099
_SPBRGH                  (abs)        009A
_TRISA                   (abs)        0085
_TRISD                   (abs)        0088
_TXREG                   (abs)        0019
_TXSTAbits               (abs)        0098
__Habs1                  abs1         0000
__Hbank0                 bank0        0000
__Hbank1                 bank1        0000
__Hbank2                 bank2        0000
__Hbank3                 bank3        0000
__HbssBANK0              bssBANK0     0000
__Hcinit                 cinit        003D
__Hclrtext               clrtext      0000
__Hcode                  code         0000
__Hcommon                common       0000
__Hconfig                config       2009
__HcstackBANK0           cstackBANK0  0000
__HcstackCOMMON          cstackCOMMON 0000
__HdataBANK1             dataBANK1    0000
__HdataBANK3             dataBANK3    0000
__Heeprom_data           eeprom_data  0000
__Hend_init              end_init     0015
__Hfunctab               functab      0000
__HidataBANK1            idataBANK1   0000
__HidataBANK3            idataBANK3   0000
__Hidloc                 idloc        2004
__Hinit                  init         0012
__Hinittext              inittext     0000
__Hintentry              intentry     0012
__Hmaintext              maintext     0000
__Hpowerup               powerup      0000
__Hram                   ram          0000
__Hreset_vec             reset_vec    0003
__Hsfr0                  sfr0         0000
__Hsfr1                  sfr1         0000
__Hsfr2                  sfr2         0000
__Hsfr3                  sfr3         0000
__Hspace_0               (abs)        0645
__Hspace_1               (abs)        01EF
__Hspace_2               (abs)        0000
__Hspace_3               (abs)        0000
__Hspace_4               (abs)        4010
__Hstack                 stack        0000
__Hstrings               strings      0000
__Htext                  text         0000
__Labs1                  abs1         0000
__Lbank0                 bank0        0000
__Lbank1                 bank1        0000
__Lbank2                 bank2        0000
__Lbank3                 bank3        0000
__LbssBANK0              bssBANK0     0000
__Lcinit                 cinit        0015
__Lclrtext               clrtext      0000
__Lcode                  code         0000
__Lcommon                common       0000
__Lconfig                config       0000
__LcstackBANK0           cstackBANK0  0000
__LcstackCOMMON          cstackCOMMON 0000
__LdataBANK1             dataBANK1    0000
__LdataBANK3             dataBANK3    0000
__Leeprom_data           eeprom_data  0000
__Lend_init              end_init     0012
__Lfunctab               functab      0000
__LidataBANK1            idataBANK1   0000
__LidataBANK3            idataBANK3   0000
__Lidloc                 idloc        0000
__Linit                  init         0012
__Linittext              inittext     0000
__Lintentry              intentry     0004
__Lmaintext              maintext     0000
__Lpowerup               powerup      0000
__Lram                   ram          0000
__Lreset_vec             reset_vec    0000
__Lsfr0                  sfr0         0000
__Lsfr1                  sfr1         0000
__Lsfr2                  sfr2         0000
__Lsfr3                  sfr3         0000
__Lspace_0               (abs)        0000
__Lspace_1               (abs)        0000
__Lspace_2               (abs)        0000
__Lspace_3               (abs)        0000
__Lspace_4               (abs)        0000
__Lstack                 stack        0000
__Lstrings               strings      0000
__Ltext                  text         0000
__S0                     (abs)        0645
__S1                     (abs)        01EF
__S3                     (abs)        0000
___awdiv                 text11       033E
___awdiv@counter         cstackBANK0  0020
___awdiv@dividend        cstackCOMMON 0078
___awdiv@divisor         cstackCOMMON 0076
___awdiv@quotient        cstackBANK0  0022
___awdiv@sign            cstackBANK0  0021
___int_sp                stack        0000
___latbits               (abs)        0002
___lwdiv                 text9        04EB
___lwdiv@counter         cstackCOMMON 0077
___lwdiv@dividend        cstackCOMMON 0072
___lwdiv@divisor         cstackCOMMON 0070
___lwdiv@quotient        cstackCOMMON 0075
___lwmod                 text8        052F
___lwmod@counter         cstackCOMMON 0075
___lwmod@dividend        cstackCOMMON 0072
___lwmod@divisor         cstackCOMMON 0070
___sp                    stack        0000
___stackhi               (abs)        0000
___stacklo               (abs)        0000
___wmul                  text10       060D
___wmul@multiplicand     cstackCOMMON 0072
___wmul@multiplier       cstackCOMMON 0070
___wmul@product          cstackCOMMON 0074
__end_of___awdiv         text11       03A7
__end_of___lwdiv         text9        052F
__end_of___lwmod         text8        0569
__end_of___wmul          text10       0632
__end_of__initialization cinit        0039
__end_of__stringtab      strings      0210
__end_of_impresion       text2        0594
__end_of_isr             text3        05E7
__end_of_itoa            text6        060D
__end_of_main            maintext     04EB
__end_of_set_estado      text4        0166
__end_of_setup           text1        0456
__end_of_utoa            text7        033E
__end_ofi1_impresion     text5        05BF
__initialization         cinit        0015
__pbssBANK0              bssBANK0     0034
__pcstackBANK0           cstackBANK0  0020
__pcstackCOMMON          cstackCOMMON 0070
__pdataBANK1             dataBANK1    00A0
__pdataBANK3             dataBANK3    0190
__pidataBANK1            idataBANK1   0456
__pidataBANK3            idataBANK3   03A7
__pintentry              intentry     0004
__pmaintext              maintext     04A5
__pstrings               strings      0200
__ptext1                 text1        0406
__ptext10                text10       060D
__ptext11                text11       033E
__ptext2                 text2        0569
__ptext3                 text3        05BF
__ptext4                 text4        003D
__ptext5                 text5        0594
__ptext6                 text6        05E7
__ptext7                 text7        02CC
__ptext8                 text8        052F
__ptext9                 text9        04EB
__stringbase             strings      020F
__stringtab              strings      0200
_dato                    bssBANK0     0036
_estado                  bssBANK0     0038
_imp                     bssBANK0     0034
_impresion               text2        0569
_isr                     text3        05BF
_itoa                    text6        05E7
_main                    maintext     04A5
_pregunta_1              dataBANK3    0190
_pregunta_2              dataBANK1    00A0
_set_estado              text4        003D
_setup                   text1        0406
_utoa                    text7        02CC
_val_imp                 bssBANK0     003B
_val_pot                 bssBANK0     003A
btemp                    (abs)        007E
end_of_initialization    cinit        0039
i1_impresion             text5        0594
i1impresion@i            cstackCOMMON 0073
i1impresion@txt          cstackCOMMON 0070
impresion@i              cstackBANK0  0033
impresion@txt            cstackBANK0  0030
init_fetch0              inittext     0632
init_ram0                inittext     0636
interrupt_function       intentry     0004
intlevel0                functab      0000
intlevel1                functab      0000
intlevel2                functab      0000
intlevel3                functab      0000
intlevel4                functab      0000
intlevel5                functab      0000
itoa@base                cstackBANK0  0026
itoa@buf                 cstackBANK0  0028
itoa@val                 cstackBANK0  0024
reset_vec                reset_vec    0000
saved_w                  (abs)        007E
start                    init         0012
start_initialization     cinit        0015
utoa@base                cstackCOMMON 007A
utoa@buf                 cstackBANK0  0023
utoa@c                   cstackBANK0  0022
utoa@v                   cstackBANK0  0020
utoa@val                 cstackCOMMON 0078
wtemp0                   (abs)        007E


MODULE INFORMATION

Module		Function		Class		Link	Load	Size
C:\Program Files\Microchip\xc8\v2.35\pic\sources\c90\common\lwdiv.c
		___lwdiv       		CODE           	04EB	0000	68

C:\Program Files\Microchip\xc8\v2.35\pic\sources\c90\common\lwdiv.c estimated size: 68

main_Postlab.c
		_main          		CODE           	04A5	0000	70
		_impresion     		CODE           	0569	0000	43
		_set_estado    		CODE           	003D	0000	297
		_isr           		CODE           	05BF	0000	40
		_setup         		CODE           	0406	0000	80

main_Postlab.c estimated size: 530

C:\Program Files\Microchip\xc8\v2.35\pic\sources\c90\common\itoa.c
		_itoa          		CODE           	05E7	0000	38
		_utoa          		CODE           	02CC	0000	114

C:\Program Files\Microchip\xc8\v2.35\pic\sources\c90\common\itoa.c estimated size: 152

C:\Program Files\Microchip\xc8\v2.35\pic\sources\c90\common\awdiv.c
		___awdiv       		CODE           	033E	0000	105

C:\Program Files\Microchip\xc8\v2.35\pic\sources\c90\common\awdiv.c estimated size: 105

shared
		__stringtab    		STRING         	0200	0000	16
		__initialization		CODE           	0015	0000	36
		i1_impresion   		CODE           	0594	0000	43

shared estimated size: 95

C:\Program Files\Microchip\xc8\v2.35\pic\sources\c90\common\Umul16.c
		___wmul        		CODE           	060D	0000	37

C:\Program Files\Microchip\xc8\v2.35\pic\sources\c90\common\Umul16.c estimated size: 37

C:\Program Files\Microchip\xc8\v2.35\pic\sources\c90\common\lwmod.c
		___lwmod       		CODE           	052F	0000	58

C:\Program Files\Microchip\xc8\v2.35\pic\sources\c90\common\lwmod.c estimated size: 58

